<html>
<body>
<pre>
<h1>µVision Build Log</h1>
<h2>Tool Versions:</h2>
IDE-Version: ÂµVision V5.14.0.0
Copyright (C) 2015 ARM Ltd and ARM Germany GmbH. All rights reserved.
License Information: Volot Yuryu, Protoxy, LIC=----
 
Tool Versions:
Toolchain:       MDK-Lite  Version: 5.14.0.0
Toolchain Path:  C:\Keil_v5\ARM\ARMCC\Bin
C Compiler:      Armcc.exe V5.05 update 1 (build 106)
Assembler:       Armasm.exe V5.05 update 1 (build 106)
Linker/Locator:  ArmLink.exe V5.05 update 1 (build 106)
Library Manager: ArmAr.exe V5.05 update 1 (build 106)
Hex Converter:   FromElf.exe V5.05 update 1 (build 106)
CPU DLL:         SARMCM3.DLL V5.14.0.0
Dialog DLL:      DARMSTM.DLL V1.65.0.0
Target DLL:      Segger\JL2CM3.dll V2.99.13.0
Dialog DLL:      TARMSTM.DLL V1.64.0.0
 
<h2>Project:</h2>
A:\MCU\on_linep\STM32-SDCard-SDIO.uvproj
Project File Date:  02/20/2025

<h2>Output:</h2>
Build target 'STM32-SDCard-SDIO'
compiling main.c...
linking...
Program Size: Code=2676 RO-data=336 RW-data=76 ZI-data=13516  
FromELF: creating hex file...
".\Obj\STM32_SDCard-SDIO.axf" - 0 Error(s), 0 Warning(s).
</pre>
</body>
</html>
